{"id": 0, "degree": "Masters", "department": "School_of_Information", "school": "UC_Berkeley"}
{"id": 1, "degree": "Masters", "department": "EECS", "school": "UC_Berkeley"}
{"id": 2, "degree": "Ph.D.", "department": "EECS", "school": "UC_Berkeley"}
{"id": 3, "degree": "Masters", "department": "IT", "school": "MIT"}