{"firstname": "hayssam", "lastname": "saleh", "age": 121}
{"firstname": "yoann", "lastname": "baudy", "age": 122}
{"firstname":  "John", "lastname":  "Doe", "age": 25}
{"firstname":  "fred", "lastname":  "abruzzi", "age": 25}
{"firstname":  "test1", "lastname":  "test2", "age": 29}
{"firstname":  "test3", "lastname":  "test4", "age": 40}
{"firstname":  "Elon", "lastname":  "Musk", "age": 40}