---
version: 1
table:
  name: "table_4"
  pattern: "^\\Qtable_5\\E\\d{14}(?<mode>T|D|A|)\\..*"
  attributes:
    - name: "attr1"
      type: "string"
      comment: "attr1"
    - name: "_partition"
      type: "date"
      script: "CURRENT_DATE()"
  metadata:
    writeStrategy:
      key:
        - "key1"
        - "key2"
      type: "DELETE_THEN_INSERT"
    sink:
      partition:
        - "_partition"
