---
version: 1
env:
  myConnectionRef: "localFileSystem"
  loader: "spark"