---
version: 1
task:
  parseSQL: true
  sink:
    partition:
      - timestamp