---
version: 1
table:
  name: "load-template"
  pattern: ".*"
  attributes:
  - name: "*"
    trim: "BOTH"
