---
name: "business1"
tasks:
- sql: "select * from domain"
  domain: "DOMAIN"
  dataset: "ANALYSE"
  write: "OVERWRITE"
  partition:
  - "comet_year"
  - "comet_month"
  presql: null
  postsql: null
  area: null
  index: null
  properties: null
area: "business"
