---
name: "hello"
type: "string"
array: false
required: true
privacy: "NONE"
comment: null
rename: null
attributes: null
position:
  first: 1
  last: 2
  trim: "NONE"
default: null
tags: null