{"dreamkey":123456786,"segmentation_label":"Client Segmentation - February 2017","segment_label":"AAAAAA","sub_segment_label":"AAAAAA CANVAS","client_profile_label":"CORE"}
{"dreamkey":12345677,"segmentation_label":"Client Segmentation - February 2017","segment_label":"BBBBBBB","sub_segment_label":"BBBBBBB FASHION","client_profile_label":"FASHION"}
{"dreamkey":12345678,"segmentation_label":"Client Segmentation - February 2017","segment_label":"CCCCCCC","sub_segment_label":"CCCCCCC CORE","client_profile_label":"SLEEPERS"}
{"dreamkey":12345679,"segmentation_label":"Client Segmentation - February 2017","segment_label":"CCCCCCC","sub_segment_label":"CCCCCCC CORE","client_profile_label":"SLEEPERS"}