id,sum,timestamp
1,2.3,2024-04-11
2,4.5,2024-04-11
